route:
	steps: 3
	0000 (1514, 2971, 0) bank-visited=false
	=> transport type=CHARTER_SHIP from=(1514, 2971, 0) to=(3038, 3192, 0) duration=6 display="Port Sarim" object="Charter Trader Crewmember 1330"
	0001 (3038, 3192, 0) bank-visited=false
	=> transport type=CHARTER_SHIP from=(3038, 3192, 0) to=(1455, 2968, 0) duration=6 display="Aldarin" object="Charter Trader Crewmember 1330"
	0002 (1455, 2968, 0) bank-visited=false
