route:
	steps: 3
	0000 (3038, 3192, 0) bank-visited=false
	=> transport type=CHARTER_SHIP from=(3038, 3192, 0) to=(2674, 3144, 0) duration=6 display="Port Khazard" object="Charter Trader Crewmember 1330"
	0001 (2674, 3144, 0) bank-visited=false
	=> transport type=CHARTER_SHIP from=(2674, 3144, 0) to=(1496, 3403, 0) duration=6 display="Land's End" object="Charter Trader Crewmember 1330"
	0002 (1496, 3403, 0) bank-visited=false
